Component: ARM Compiler 6.12 Tool: armlink [5d624300]

==============================================================================

Section Cross References

    startup_stm32f030x6.o(RESET) refers to startup_stm32f030x6.o(STACK) for __initial_sp
    startup_stm32f030x6.o(RESET) refers to startup_stm32f030x6.o(.text) for Reset_Handler
    startup_stm32f030x6.o(RESET) refers to lto-llvm-44b81d.o(.text.NMI_Handler) for NMI_Handler
    startup_stm32f030x6.o(RESET) refers to lto-llvm-44b81d.o(.text.HardFault_Handler) for HardFault_Handler
    startup_stm32f030x6.o(RESET) refers to lto-llvm-44b81d.o(.text.SVC_Handler) for SVC_Handler
    startup_stm32f030x6.o(RESET) refers to lto-llvm-44b81d.o(.text.PendSV_Handler) for PendSV_Handler
    startup_stm32f030x6.o(RESET) refers to lto-llvm-44b81d.o(.text.SysTick_Handler) for SysTick_Handler
    startup_stm32f030x6.o(RESET) refers to lto-llvm-44b81d.o(.text.EXTI0_1_IRQHandler) for EXTI0_1_IRQHandler
    startup_stm32f030x6.o(RESET) refers to lto-llvm-44b81d.o(.text.EXTI4_15_IRQHandler) for EXTI4_15_IRQHandler
    startup_stm32f030x6.o(RESET) refers to lto-llvm-44b81d.o(.text.DMA1_Channel2_3_IRQHandler) for DMA1_Channel2_3_IRQHandler
    startup_stm32f030x6.o(RESET) refers to lto-llvm-44b81d.o(.text.TIM17_IRQHandler) for TIM17_IRQHandler
    startup_stm32f030x6.o(.text) refers to lto-llvm-44b81d.o(.text.SystemInit) for SystemInit
    startup_stm32f030x6.o(.text) refers to entry.o(.ARM.Collect$$$$00000000) for __main
    entry.o(.ARM.Collect$$$$00000000) refers (Special) to entry10a.o(.ARM.Collect$$$$0000000D) for __rt_final_cpp
    entry.o(.ARM.Collect$$$$00000000) refers (Special) to entry11a.o(.ARM.Collect$$$$0000000F) for __rt_final_exit
    entry.o(.ARM.Collect$$$$00000000) refers (Special) to entry7b.o(.ARM.Collect$$$$00000008) for _main_clock
    entry.o(.ARM.Collect$$$$00000000) refers (Special) to entry8b.o(.ARM.Collect$$$$0000000A) for _main_cpp_init
    entry.o(.ARM.Collect$$$$00000000) refers (Special) to entry9a.o(.ARM.Collect$$$$0000000B) for _main_init
    entry.o(.ARM.Collect$$$$00000000) refers (Special) to entry5.o(.ARM.Collect$$$$00000004) for _main_scatterload
    entry.o(.ARM.Collect$$$$00000000) refers (Special) to entry2.o(.ARM.Collect$$$$00000001) for _main_stk
    entry2.o(.ARM.Collect$$$$00000001) refers to entry2.o(.ARM.Collect$$$$00002712) for __lit__00000000
    entry2.o(.ARM.Collect$$$$00002712) refers to startup_stm32f030x6.o(STACK) for __initial_sp
    entry2.o(__vectab_stack_and_reset_area) refers to startup_stm32f030x6.o(STACK) for __initial_sp
    entry2.o(__vectab_stack_and_reset_area) refers to entry.o(.ARM.Collect$$$$00000000) for __main
    entry5.o(.ARM.Collect$$$$00000004) refers to init.o(.text) for __scatterload
    entry9a.o(.ARM.Collect$$$$0000000B) refers to lto-llvm-44b81d.o(.text.main) for main
    entry9b.o(.ARM.Collect$$$$0000000C) refers to lto-llvm-44b81d.o(.text.main) for main
    init.o(.text) refers to entry5.o(.ARM.Collect$$$$00000004) for __main_after_scatterload
    lto-llvm-44b81d.o(.text.main) refers to uidiv.o(.text) for __aeabi_uidiv
    lto-llvm-44b81d.o(.text.main) refers to lto-llvm-44b81d.o(.text.HAL_GPIO_Init) for HAL_GPIO_Init
    lto-llvm-44b81d.o(.text.main) refers to lto-llvm-44b81d.o(.text.HAL_SPI_MspInit) for HAL_SPI_MspInit
    lto-llvm-44b81d.o(.text.main) refers to lto-llvm-44b81d.o(.data.SystemCoreClock) for [Anonymous Symbol]
    lto-llvm-44b81d.o(.text.main) refers to lto-llvm-44b81d.o(.bss.uwTick) for [Anonymous Symbol]
    lto-llvm-44b81d.o(.text.main) refers to lto-llvm-44b81d.o(.text.HAL_SPI_Transmit_DMA) for HAL_SPI_Transmit_DMA
    lto-llvm-44b81d.o(.text.main) refers to idiv.o(.text) for __aeabi_idiv
    lto-llvm-44b81d.o(.text.main) refers to lto-llvm-44b81d.o(.bss.hspi1) for [Anonymous Symbol]
    lto-llvm-44b81d.o(.text.main) refers to lto-llvm-44b81d.o(.bss.htim17) for [Anonymous Symbol]
    lto-llvm-44b81d.o(.text.main) refers to lto-llvm-44b81d.o(.rodata.max_setup) for [Anonymous Symbol]
    lto-llvm-44b81d.o(.text.main) refers to lto-llvm-44b81d.o(.rodata.seg_digits) for [Anonymous Symbol]
    lto-llvm-44b81d.o(.text.main) refers to lto-llvm-44b81d.o(.bss.digits) for [Anonymous Symbol]
    lto-llvm-44b81d.o(.text.main) refers to lto-llvm-44b81d.o(.bss.hdma_spi1_tx) for [Anonymous Symbol]
    lto-llvm-44b81d.o(.text.main) refers to lto-llvm-44b81d.o(.bss.milliseconds) for [Anonymous Symbol]
    lto-llvm-44b81d.o(.ARM.exidx.text.main) refers to lto-llvm-44b81d.o(.text.main) for [Anonymous Symbol]
    lto-llvm-44b81d.o(.ARM.exidx.text.NMI_Handler) refers to lto-llvm-44b81d.o(.text.NMI_Handler) for [Anonymous Symbol]
    lto-llvm-44b81d.o(.ARM.exidx.text.HardFault_Handler) refers to lto-llvm-44b81d.o(.text.HardFault_Handler) for [Anonymous Symbol]
    lto-llvm-44b81d.o(.ARM.exidx.text.SVC_Handler) refers to lto-llvm-44b81d.o(.text.SVC_Handler) for [Anonymous Symbol]
    lto-llvm-44b81d.o(.ARM.exidx.text.PendSV_Handler) refers to lto-llvm-44b81d.o(.text.PendSV_Handler) for [Anonymous Symbol]
    lto-llvm-44b81d.o(.text.SysTick_Handler) refers to lto-llvm-44b81d.o(.bss.uwTick) for [Anonymous Symbol]
    lto-llvm-44b81d.o(.ARM.exidx.text.SysTick_Handler) refers to lto-llvm-44b81d.o(.text.SysTick_Handler) for [Anonymous Symbol]
    lto-llvm-44b81d.o(.ARM.exidx.text.EXTI0_1_IRQHandler) refers to lto-llvm-44b81d.o(.text.EXTI0_1_IRQHandler) for [Anonymous Symbol]
    lto-llvm-44b81d.o(.ARM.exidx.text.EXTI4_15_IRQHandler) refers to lto-llvm-44b81d.o(.text.EXTI4_15_IRQHandler) for [Anonymous Symbol]
    lto-llvm-44b81d.o(.text.DMA1_Channel2_3_IRQHandler) refers to lto-llvm-44b81d.o(.text.HAL_DMA_IRQHandler) for HAL_DMA_IRQHandler
    lto-llvm-44b81d.o(.text.DMA1_Channel2_3_IRQHandler) refers to lto-llvm-44b81d.o(.bss.hdma_spi1_tx) for [Anonymous Symbol]
    lto-llvm-44b81d.o(.ARM.exidx.text.DMA1_Channel2_3_IRQHandler) refers to lto-llvm-44b81d.o(.text.DMA1_Channel2_3_IRQHandler) for [Anonymous Symbol]
    lto-llvm-44b81d.o(.text.TIM17_IRQHandler) refers to lto-llvm-44b81d.o(.text.HAL_TIM_IRQHandler) for HAL_TIM_IRQHandler
    lto-llvm-44b81d.o(.text.TIM17_IRQHandler) refers to lto-llvm-44b81d.o(.bss.milliseconds) for [Anonymous Symbol]
    lto-llvm-44b81d.o(.text.TIM17_IRQHandler) refers to lto-llvm-44b81d.o(.bss.htim17) for [Anonymous Symbol]
    lto-llvm-44b81d.o(.ARM.exidx.text.TIM17_IRQHandler) refers to lto-llvm-44b81d.o(.text.TIM17_IRQHandler) for [Anonymous Symbol]
    lto-llvm-44b81d.o(.text.HAL_SPI_MspInit) refers to lto-llvm-44b81d.o(.text.HAL_GPIO_Init) for HAL_GPIO_Init
    lto-llvm-44b81d.o(.text.HAL_SPI_MspInit) refers to lto-llvm-44b81d.o(.bss.hdma_spi1_tx) for [Anonymous Symbol]
    lto-llvm-44b81d.o(.ARM.exidx.text.HAL_SPI_MspInit) refers to lto-llvm-44b81d.o(.text.HAL_SPI_MspInit) for [Anonymous Symbol]
    lto-llvm-44b81d.o(.text.HAL_SPI_Transmit_DMA) refers to lto-llvm-44b81d.o(.bss.hspi1) for [Anonymous Symbol]
    lto-llvm-44b81d.o(.text.HAL_SPI_Transmit_DMA) refers to lto-llvm-44b81d.o(.text.SPI_DMAError) for SPI_DMAError
    lto-llvm-44b81d.o(.text.HAL_SPI_Transmit_DMA) refers to lto-llvm-44b81d.o(.text.SPI_DMATransmitCplt) for SPI_DMATransmitCplt
    lto-llvm-44b81d.o(.text.HAL_SPI_Transmit_DMA) refers to lto-llvm-44b81d.o(.text.SPI_DMAHalfTransmitCplt) for SPI_DMAHalfTransmitCplt
    lto-llvm-44b81d.o(.ARM.exidx.text.HAL_SPI_Transmit_DMA) refers to lto-llvm-44b81d.o(.text.HAL_SPI_Transmit_DMA) for [Anonymous Symbol]
    lto-llvm-44b81d.o(.ARM.exidx.text.SPI_DMAHalfTransmitCplt) refers to lto-llvm-44b81d.o(.text.SPI_DMAHalfTransmitCplt) for [Anonymous Symbol]
    lto-llvm-44b81d.o(.text.SPI_DMATransmitCplt) refers to lto-llvm-44b81d.o(.bss.uwTick) for [Anonymous Symbol]
    lto-llvm-44b81d.o(.ARM.exidx.text.SPI_DMATransmitCplt) refers to lto-llvm-44b81d.o(.text.SPI_DMATransmitCplt) for [Anonymous Symbol]
    lto-llvm-44b81d.o(.ARM.exidx.text.SPI_DMAError) refers to lto-llvm-44b81d.o(.text.SPI_DMAError) for [Anonymous Symbol]
    lto-llvm-44b81d.o(.ARM.exidx.text.HAL_GPIO_Init) refers to lto-llvm-44b81d.o(.text.HAL_GPIO_Init) for [Anonymous Symbol]
    lto-llvm-44b81d.o(.ARM.exidx.text.HAL_DMA_IRQHandler) refers to lto-llvm-44b81d.o(.text.HAL_DMA_IRQHandler) for [Anonymous Symbol]
    lto-llvm-44b81d.o(.ARM.exidx.text.HAL_TIM_IRQHandler) refers to lto-llvm-44b81d.o(.text.HAL_TIM_IRQHandler) for [Anonymous Symbol]
    lto-llvm-44b81d.o(.ARM.exidx.text.SystemInit) refers to lto-llvm-44b81d.o(.text.SystemInit) for [Anonymous Symbol]
    idiv.o(.text) refers to uidiv.o(.text) for __aeabi_uidivmod


==============================================================================

Removing Unused input sections from the image.

    Removing startup_stm32f030x6.o(HEAP), (0 bytes).
    Removing lto-llvm-44b81d.o(.text), (0 bytes).
    Removing lto-llvm-44b81d.o(.ARM.exidx.text.main), (8 bytes).
    Removing lto-llvm-44b81d.o(.ARM.exidx.text.NMI_Handler), (8 bytes).
    Removing lto-llvm-44b81d.o(.ARM.exidx.text.HardFault_Handler), (8 bytes).
    Removing lto-llvm-44b81d.o(.ARM.exidx.text.SVC_Handler), (8 bytes).
    Removing lto-llvm-44b81d.o(.ARM.exidx.text.PendSV_Handler), (8 bytes).
    Removing lto-llvm-44b81d.o(.ARM.exidx.text.SysTick_Handler), (8 bytes).
    Removing lto-llvm-44b81d.o(.ARM.exidx.text.EXTI0_1_IRQHandler), (8 bytes).
    Removing lto-llvm-44b81d.o(.ARM.exidx.text.EXTI4_15_IRQHandler), (8 bytes).
    Removing lto-llvm-44b81d.o(.ARM.exidx.text.DMA1_Channel2_3_IRQHandler), (8 bytes).
    Removing lto-llvm-44b81d.o(.ARM.exidx.text.TIM17_IRQHandler), (8 bytes).
    Removing lto-llvm-44b81d.o(.ARM.exidx.text.HAL_SPI_MspInit), (8 bytes).
    Removing lto-llvm-44b81d.o(.ARM.exidx.text.HAL_SPI_Transmit_DMA), (8 bytes).
    Removing lto-llvm-44b81d.o(.ARM.exidx.text.SPI_DMAHalfTransmitCplt), (8 bytes).
    Removing lto-llvm-44b81d.o(.ARM.exidx.text.SPI_DMATransmitCplt), (8 bytes).
    Removing lto-llvm-44b81d.o(.ARM.exidx.text.SPI_DMAError), (8 bytes).
    Removing lto-llvm-44b81d.o(.ARM.exidx.text.HAL_GPIO_Init), (8 bytes).
    Removing lto-llvm-44b81d.o(.ARM.exidx.text.HAL_DMA_IRQHandler), (8 bytes).
    Removing lto-llvm-44b81d.o(.ARM.exidx.text.HAL_TIM_IRQHandler), (8 bytes).
    Removing lto-llvm-44b81d.o(.ARM.exidx.text.SystemInit), (8 bytes).
    Removing lto-llvm-44b81d.o(.ARM.use_no_argv), (4 bytes).

22 unused section(s) (total 156 bytes) removed from the image.

==============================================================================

Image Symbol Table

    Local Symbols

    Symbol Name                              Value     Ov Type        Size  Object(Section)

    ../clib/microlib/division.c              0x00000000   Number         0  uidiv.o ABSOLUTE
    ../clib/microlib/division.c              0x00000000   Number         0  idiv.o ABSOLUTE
    ../clib/microlib/init/entry.s            0x00000000   Number         0  entry.o ABSOLUTE
    ../clib/microlib/init/entry.s            0x00000000   Number         0  entry2.o ABSOLUTE
    ../clib/microlib/init/entry.s            0x00000000   Number         0  entry5.o ABSOLUTE
    ../clib/microlib/init/entry.s            0x00000000   Number         0  entry7a.o ABSOLUTE
    ../clib/microlib/init/entry.s            0x00000000   Number         0  entry7b.o ABSOLUTE
    ../clib/microlib/init/entry.s            0x00000000   Number         0  entry8a.o ABSOLUTE
    ../clib/microlib/init/entry.s            0x00000000   Number         0  entry8b.o ABSOLUTE
    ../clib/microlib/init/entry.s            0x00000000   Number         0  entry9a.o ABSOLUTE
    ../clib/microlib/init/entry.s            0x00000000   Number         0  entry9b.o ABSOLUTE
    ../clib/microlib/init/entry.s            0x00000000   Number         0  entry10a.o ABSOLUTE
    ../clib/microlib/init/entry.s            0x00000000   Number         0  entry10b.o ABSOLUTE
    ../clib/microlib/init/entry.s            0x00000000   Number         0  entry11a.o ABSOLUTE
    ../clib/microlib/init/entry.s            0x00000000   Number         0  entry11b.o ABSOLUTE
    dc.s                                     0x00000000   Number         0  dc.o ABSOLUTE
    handlers.s                               0x00000000   Number         0  handlers.o ABSOLUTE
    init.s                                   0x00000000   Number         0  init.o ABSOLUTE
    ld-temp.o                                0x00000000   Number         0  lto-llvm-44b81d.o ABSOLUTE
    startup_stm32f030x6.s                    0x00000000   Number         0  startup_stm32f030x6.o ABSOLUTE
    RESET                                    0x08000000   Section      176  startup_stm32f030x6.o(RESET)
    .ARM.Collect$$$$00000000                 0x080000b0   Section        0  entry.o(.ARM.Collect$$$$00000000)
    .ARM.Collect$$$$00000001                 0x080000b0   Section        4  entry2.o(.ARM.Collect$$$$00000001)
    .ARM.Collect$$$$00000004                 0x080000b4   Section        4  entry5.o(.ARM.Collect$$$$00000004)
    .ARM.Collect$$$$00000008                 0x080000b8   Section        0  entry7b.o(.ARM.Collect$$$$00000008)
    .ARM.Collect$$$$0000000A                 0x080000b8   Section        0  entry8b.o(.ARM.Collect$$$$0000000A)
    .ARM.Collect$$$$0000000B                 0x080000b8   Section        8  entry9a.o(.ARM.Collect$$$$0000000B)
    __lit__00000000                          0x080000c0   Data           4  entry2.o(.ARM.Collect$$$$00002712)
    .ARM.Collect$$$$0000000D                 0x080000c0   Section        0  entry10a.o(.ARM.Collect$$$$0000000D)
    .ARM.Collect$$$$0000000F                 0x080000c0   Section        0  entry11a.o(.ARM.Collect$$$$0000000F)
    .ARM.Collect$$$$00002712                 0x080000c0   Section        4  entry2.o(.ARM.Collect$$$$00002712)
    .text                                    0x080000c4   Section       28  startup_stm32f030x6.o(.text)
    .text                                    0x080000e0   Section       36  init.o(.text)
    .text                                    0x08000104   Section        0  uidiv.o(.text)
    .text                                    0x08000130   Section        0  idiv.o(.text)
    [Anonymous Symbol]                       0x08000158   Section        0  lto-llvm-44b81d.o(.text.DMA1_Channel2_3_IRQHandler)
    [Anonymous Symbol]                       0x08000164   Section        0  lto-llvm-44b81d.o(.text.EXTI0_1_IRQHandler)
    [Anonymous Symbol]                       0x08000174   Section        0  lto-llvm-44b81d.o(.text.EXTI4_15_IRQHandler)
    __arm_cp.7_0                             0x08000184   Number         4  lto-llvm-44b81d.o(.text.EXTI4_15_IRQHandler)
    HAL_DMA_IRQHandler                       0x08000189   Thumb Code   176  lto-llvm-44b81d.o(.text.HAL_DMA_IRQHandler)
    [Anonymous Symbol]                       0x08000188   Section        0  lto-llvm-44b81d.o(.text.HAL_DMA_IRQHandler)
    HAL_GPIO_Init                            0x08000239   Thumb Code   396  lto-llvm-44b81d.o(.text.HAL_GPIO_Init)
    [Anonymous Symbol]                       0x08000238   Section        0  lto-llvm-44b81d.o(.text.HAL_GPIO_Init)
    __arm_cp.15_0                            0x080003a8   Number         4  lto-llvm-44b81d.o(.text.HAL_GPIO_Init)
    __arm_cp.15_1                            0x080003ac   Number         4  lto-llvm-44b81d.o(.text.HAL_GPIO_Init)
    __arm_cp.15_2                            0x080003b0   Number         4  lto-llvm-44b81d.o(.text.HAL_GPIO_Init)
    __arm_cp.15_3                            0x080003b4   Number         4  lto-llvm-44b81d.o(.text.HAL_GPIO_Init)
    __arm_cp.15_4                            0x080003b8   Number         4  lto-llvm-44b81d.o(.text.HAL_GPIO_Init)
    __arm_cp.15_5                            0x080003bc   Number         4  lto-llvm-44b81d.o(.text.HAL_GPIO_Init)
    __arm_cp.15_6                            0x080003c0   Number         4  lto-llvm-44b81d.o(.text.HAL_GPIO_Init)
    HAL_SPI_MspInit                          0x080003c5   Thumb Code   192  lto-llvm-44b81d.o(.text.HAL_SPI_MspInit)
    [Anonymous Symbol]                       0x080003c4   Section        0  lto-llvm-44b81d.o(.text.HAL_SPI_MspInit)
    __arm_cp.10_0                            0x08000470   Number         4  lto-llvm-44b81d.o(.text.HAL_SPI_MspInit)
    __arm_cp.10_1                            0x08000474   Number         4  lto-llvm-44b81d.o(.text.HAL_SPI_MspInit)
    __arm_cp.10_2                            0x08000478   Number         4  lto-llvm-44b81d.o(.text.HAL_SPI_MspInit)
    __arm_cp.10_3                            0x0800047c   Number         4  lto-llvm-44b81d.o(.text.HAL_SPI_MspInit)
    __arm_cp.10_4                            0x08000480   Number         4  lto-llvm-44b81d.o(.text.HAL_SPI_MspInit)
    HAL_SPI_Transmit_DMA                     0x08000485   Thumb Code   348  lto-llvm-44b81d.o(.text.HAL_SPI_Transmit_DMA)
    [Anonymous Symbol]                       0x08000484   Section        0  lto-llvm-44b81d.o(.text.HAL_SPI_Transmit_DMA)
    __arm_cp.11_0                            0x080005cc   Number         4  lto-llvm-44b81d.o(.text.HAL_SPI_Transmit_DMA)
    __arm_cp.11_1                            0x080005d0   Number         4  lto-llvm-44b81d.o(.text.HAL_SPI_Transmit_DMA)
    __arm_cp.11_2                            0x080005d4   Number         4  lto-llvm-44b81d.o(.text.HAL_SPI_Transmit_DMA)
    __arm_cp.11_3                            0x080005d8   Number         4  lto-llvm-44b81d.o(.text.HAL_SPI_Transmit_DMA)
    __arm_cp.11_4                            0x080005dc   Number         4  lto-llvm-44b81d.o(.text.HAL_SPI_Transmit_DMA)
    HAL_TIM_IRQHandler                       0x080005e1   Thumb Code   170  lto-llvm-44b81d.o(.text.HAL_TIM_IRQHandler)
    [Anonymous Symbol]                       0x080005e0   Section        0  lto-llvm-44b81d.o(.text.HAL_TIM_IRQHandler)
    [Anonymous Symbol]                       0x0800068a   Section        0  lto-llvm-44b81d.o(.text.HardFault_Handler)
    [Anonymous Symbol]                       0x0800068c   Section        0  lto-llvm-44b81d.o(.text.NMI_Handler)
    [Anonymous Symbol]                       0x0800068e   Section        0  lto-llvm-44b81d.o(.text.PendSV_Handler)
    SPI_DMAError                             0x08000691   Thumb Code    28  lto-llvm-44b81d.o(.text.SPI_DMAError)
    [Anonymous Symbol]                       0x08000690   Section        0  lto-llvm-44b81d.o(.text.SPI_DMAError)
    SPI_DMAHalfTransmitCplt                  0x080006ad   Thumb Code     2  lto-llvm-44b81d.o(.text.SPI_DMAHalfTransmitCplt)
    [Anonymous Symbol]                       0x080006ac   Section        0  lto-llvm-44b81d.o(.text.SPI_DMAHalfTransmitCplt)
    SPI_DMATransmitCplt                      0x080006b1   Thumb Code   236  lto-llvm-44b81d.o(.text.SPI_DMATransmitCplt)
    [Anonymous Symbol]                       0x080006b0   Section        0  lto-llvm-44b81d.o(.text.SPI_DMATransmitCplt)
    [Anonymous Symbol]                       0x08000798   Section        0  lto-llvm-44b81d.o(.text.SVC_Handler)
    [Anonymous Symbol]                       0x0800079c   Section        0  lto-llvm-44b81d.o(.text.SysTick_Handler)
    __arm_cp.5_0                             0x080007a8   Number         4  lto-llvm-44b81d.o(.text.SysTick_Handler)
    [Anonymous Symbol]                       0x080007ac   Section        0  lto-llvm-44b81d.o(.text.SystemInit)
    [Anonymous Symbol]                       0x080007b0   Section        0  lto-llvm-44b81d.o(.text.TIM17_IRQHandler)
    __arm_cp.9_0                             0x080007c4   Number         4  lto-llvm-44b81d.o(.text.TIM17_IRQHandler)
    __arm_cp.9_1                             0x080007c8   Number         4  lto-llvm-44b81d.o(.text.TIM17_IRQHandler)
    [Anonymous Symbol]                       0x080007cc   Section        0  lto-llvm-44b81d.o(.text.main)
    __arm_cp.0_28                            0x08000afc   Number         4  lto-llvm-44b81d.o(.text.main)
    __arm_cp.0_1                             0x08000cac   Number         4  lto-llvm-44b81d.o(.text.main)
    __arm_cp.0_2                             0x08000cb0   Number         4  lto-llvm-44b81d.o(.text.main)
    __arm_cp.0_3                             0x08000cb4   Number         4  lto-llvm-44b81d.o(.text.main)
    __arm_cp.0_4                             0x08000cb8   Number         4  lto-llvm-44b81d.o(.text.main)
    __arm_cp.0_5                             0x08000cbc   Number         4  lto-llvm-44b81d.o(.text.main)
    __arm_cp.0_6                             0x08000cc0   Number         4  lto-llvm-44b81d.o(.text.main)
    __arm_cp.0_7                             0x08000cc4   Number         4  lto-llvm-44b81d.o(.text.main)
    __arm_cp.0_8                             0x08000cc8   Number         4  lto-llvm-44b81d.o(.text.main)
    __arm_cp.0_11                            0x08000cec   Number         4  lto-llvm-44b81d.o(.text.main)
    AHBPrescTable                            0x08000cf0   Number         0  lto-llvm-44b81d.o(.text.main)
    __arm_cp.0_13                            0x08000d00   Number         4  lto-llvm-44b81d.o(.text.main)
    __arm_cp.0_14                            0x08000d04   Number         4  lto-llvm-44b81d.o(.text.main)
    __arm_cp.0_15                            0x08000d08   Number         4  lto-llvm-44b81d.o(.text.main)
    __arm_cp.0_16                            0x08000d0c   Number         4  lto-llvm-44b81d.o(.text.main)
    __arm_cp.0_17                            0x08000d10   Number         4  lto-llvm-44b81d.o(.text.main)
    __arm_cp.0_18                            0x08000d14   Number         4  lto-llvm-44b81d.o(.text.main)
    __arm_cp.0_19                            0x08000d18   Number         4  lto-llvm-44b81d.o(.text.main)
    __arm_cp.0_20                            0x08000d1c   Number         4  lto-llvm-44b81d.o(.text.main)
    __arm_cp.0_21                            0x08000d20   Number         4  lto-llvm-44b81d.o(.text.main)
    __arm_cp.0_22                            0x08000d24   Number         4  lto-llvm-44b81d.o(.text.main)
    __arm_cp.0_23                            0x08000d28   Number         4  lto-llvm-44b81d.o(.text.main)
    __arm_cp.0_24                            0x08000d2c   Number         4  lto-llvm-44b81d.o(.text.main)
    __arm_cp.0_25                            0x08000d30   Number         4  lto-llvm-44b81d.o(.text.main)
    __arm_cp.0_26                            0x08000d34   Number         4  lto-llvm-44b81d.o(.text.main)
    __arm_cp.0_27                            0x08000d38   Number         4  lto-llvm-44b81d.o(.text.main)
    i.__scatterload_copy                     0x08000d3c   Section       14  handlers.o(i.__scatterload_copy)
    i.__scatterload_null                     0x08000d4a   Section        2  handlers.o(i.__scatterload_null)
    i.__scatterload_zeroinit                 0x08000d4c   Section       14  handlers.o(i.__scatterload_zeroinit)
    max_setup                                0x08000d5a   Data          16  lto-llvm-44b81d.o(.rodata.max_setup)
    [Anonymous Symbol]                       0x08000d5a   Section        0  lto-llvm-44b81d.o(.rodata.max_setup)
    seg_digits                               0x08000d6a   Data          10  lto-llvm-44b81d.o(.rodata.seg_digits)
    [Anonymous Symbol]                       0x08000d6a   Section        0  lto-llvm-44b81d.o(.rodata.seg_digits)
    SystemCoreClock                          0x20000000   Data           4  lto-llvm-44b81d.o(.data.SystemCoreClock)
    [Anonymous Symbol]                       0x20000000   Section        0  lto-llvm-44b81d.o(.data.SystemCoreClock)
    digits                                   0x20000008   Data           8  lto-llvm-44b81d.o(.bss.digits)
    [Anonymous Symbol]                       0x20000008   Section        0  lto-llvm-44b81d.o(.bss.digits)
    hdma_spi1_tx                             0x20000010   Data          68  lto-llvm-44b81d.o(.bss.hdma_spi1_tx)
    [Anonymous Symbol]                       0x20000010   Section        0  lto-llvm-44b81d.o(.bss.hdma_spi1_tx)
    hspi1                                    0x20000054   Data         100  lto-llvm-44b81d.o(.bss.hspi1)
    [Anonymous Symbol]                       0x20000054   Section        0  lto-llvm-44b81d.o(.bss.hspi1)
    htim17                                   0x200000b8   Data          64  lto-llvm-44b81d.o(.bss.htim17)
    [Anonymous Symbol]                       0x200000b8   Section        0  lto-llvm-44b81d.o(.bss.htim17)
    milliseconds                             0x200000f8   Data           4  lto-llvm-44b81d.o(.bss.milliseconds)
    [Anonymous Symbol]                       0x200000f8   Section        0  lto-llvm-44b81d.o(.bss.milliseconds)
    uwTick                                   0x200000fc   Data           4  lto-llvm-44b81d.o(.bss.uwTick)
    [Anonymous Symbol]                       0x200000fc   Section        0  lto-llvm-44b81d.o(.bss.uwTick)
    STACK                                    0x20000100   Section     1024  startup_stm32f030x6.o(STACK)

    Global Symbols

    Symbol Name                              Value     Ov Type        Size  Object(Section)

    BuildAttributes$$THM_ISAv3M$S$PE$A:L22$X:L11$S22$IEEE1$IW$~IW$USESV6$~STKCKD$USESV7$~SHL$OTIME$IEEEF$EBA8$MICROLIB$REQ8$PRES8$EABIv2 0x00000000   Number         0  anon$$obj.o ABSOLUTE
    __cpp_initialize__aeabi_                  - Undefined Weak Reference
    __cxa_finalize                            - Undefined Weak Reference
    __decompress                              - Undefined Weak Reference
    _clock_init                               - Undefined Weak Reference
    _microlib_exit                            - Undefined Weak Reference
    __Vectors_Size                           0x000000b0   Number         0  startup_stm32f030x6.o ABSOLUTE
    __Vectors                                0x08000000   Data           4  startup_stm32f030x6.o(RESET)
    __Vectors_End                            0x080000b0   Data           0  startup_stm32f030x6.o(RESET)
    __main                                   0x080000b1   Thumb Code     0  entry.o(.ARM.Collect$$$$00000000)
    _main_stk                                0x080000b1   Thumb Code     0  entry2.o(.ARM.Collect$$$$00000001)
    _main_scatterload                        0x080000b5   Thumb Code     0  entry5.o(.ARM.Collect$$$$00000004)
    __main_after_scatterload                 0x080000b9   Thumb Code     0  entry5.o(.ARM.Collect$$$$00000004)
    _main_clock                              0x080000b9   Thumb Code     0  entry7b.o(.ARM.Collect$$$$00000008)
    _main_cpp_init                           0x080000b9   Thumb Code     0  entry8b.o(.ARM.Collect$$$$0000000A)
    _main_init                               0x080000b9   Thumb Code     0  entry9a.o(.ARM.Collect$$$$0000000B)
    __rt_final_cpp                           0x080000c1   Thumb Code     0  entry10a.o(.ARM.Collect$$$$0000000D)
    __rt_final_exit                          0x080000c1   Thumb Code     0  entry11a.o(.ARM.Collect$$$$0000000F)
    Reset_Handler                            0x080000c5   Thumb Code     8  startup_stm32f030x6.o(.text)
    ADC1_IRQHandler                          0x080000d7   Thumb Code     0  startup_stm32f030x6.o(.text)
    DMA1_Channel1_IRQHandler                 0x080000d7   Thumb Code     0  startup_stm32f030x6.o(.text)
    DMA1_Channel4_5_IRQHandler               0x080000d7   Thumb Code     0  startup_stm32f030x6.o(.text)
    EXTI2_3_IRQHandler                       0x080000d7   Thumb Code     0  startup_stm32f030x6.o(.text)
    FLASH_IRQHandler                         0x080000d7   Thumb Code     0  startup_stm32f030x6.o(.text)
    I2C1_IRQHandler                          0x080000d7   Thumb Code     0  startup_stm32f030x6.o(.text)
    RCC_IRQHandler                           0x080000d7   Thumb Code     0  startup_stm32f030x6.o(.text)
    RTC_IRQHandler                           0x080000d7   Thumb Code     0  startup_stm32f030x6.o(.text)
    SPI1_IRQHandler                          0x080000d7   Thumb Code     0  startup_stm32f030x6.o(.text)
    TIM14_IRQHandler                         0x080000d7   Thumb Code     0  startup_stm32f030x6.o(.text)
    TIM16_IRQHandler                         0x080000d7   Thumb Code     0  startup_stm32f030x6.o(.text)
    TIM1_BRK_UP_TRG_COM_IRQHandler           0x080000d7   Thumb Code     0  startup_stm32f030x6.o(.text)
    TIM1_CC_IRQHandler                       0x080000d7   Thumb Code     0  startup_stm32f030x6.o(.text)
    TIM3_IRQHandler                          0x080000d7   Thumb Code     0  startup_stm32f030x6.o(.text)
    USART1_IRQHandler                        0x080000d7   Thumb Code     0  startup_stm32f030x6.o(.text)
    WWDG_IRQHandler                          0x080000d7   Thumb Code     0  startup_stm32f030x6.o(.text)
    __scatterload                            0x080000e1   Thumb Code    28  init.o(.text)
    __scatterload_rt2                        0x080000e1   Thumb Code     0  init.o(.text)
    __aeabi_uidiv                            0x08000105   Thumb Code     0  uidiv.o(.text)
    __aeabi_uidivmod                         0x08000105   Thumb Code    44  uidiv.o(.text)
    __aeabi_idiv                             0x08000131   Thumb Code     0  idiv.o(.text)
    __aeabi_idivmod                          0x08000131   Thumb Code    40  idiv.o(.text)
    DMA1_Channel2_3_IRQHandler               0x08000159   Thumb Code    16  lto-llvm-44b81d.o(.text.DMA1_Channel2_3_IRQHandler)
    EXTI0_1_IRQHandler                       0x08000165   Thumb Code    20  lto-llvm-44b81d.o(.text.EXTI0_1_IRQHandler)
    EXTI4_15_IRQHandler                      0x08000175   Thumb Code    20  lto-llvm-44b81d.o(.text.EXTI4_15_IRQHandler)
    HardFault_Handler                        0x0800068b   Thumb Code     2  lto-llvm-44b81d.o(.text.HardFault_Handler)
    NMI_Handler                              0x0800068d   Thumb Code     2  lto-llvm-44b81d.o(.text.NMI_Handler)
    PendSV_Handler                           0x0800068f   Thumb Code     2  lto-llvm-44b81d.o(.text.PendSV_Handler)
    SVC_Handler                              0x08000799   Thumb Code     2  lto-llvm-44b81d.o(.text.SVC_Handler)
    SysTick_Handler                          0x0800079d   Thumb Code    16  lto-llvm-44b81d.o(.text.SysTick_Handler)
    SystemInit                               0x080007ad   Thumb Code     2  lto-llvm-44b81d.o(.text.SystemInit)
    TIM17_IRQHandler                         0x080007b1   Thumb Code    28  lto-llvm-44b81d.o(.text.TIM17_IRQHandler)
    main                                     0x080007cd   Thumb Code  1392  lto-llvm-44b81d.o(.text.main)
    __scatterload_copy                       0x08000d3d   Thumb Code    14  handlers.o(i.__scatterload_copy)
    __scatterload_null                       0x08000d4b   Thumb Code     2  handlers.o(i.__scatterload_null)
    __scatterload_zeroinit                   0x08000d4d   Thumb Code    14  handlers.o(i.__scatterload_zeroinit)
    Region$$Table$$Base                      0x08000d74   Number         0  anon$$obj.o(Region$$Table)
    Region$$Table$$Limit                     0x08000d94   Number         0  anon$$obj.o(Region$$Table)
    __initial_sp                             0x20000500   Data           0  startup_stm32f030x6.o(STACK)



==============================================================================

Memory Map of the image

  Image Entry point : 0x080000b1

  Load Region LR_IROM1 (Base: 0x08000000, Size: 0x00000da0, Max: 0x00004000, ABSOLUTE)

    Execution Region ER_IROM1 (Exec base: 0x08000000, Load base: 0x08000000, Size: 0x00000d94, Max: 0x00004000, ABSOLUTE)

    Exec Addr    Load Addr    Size         Type   Attr      Idx    E Section Name        Object

    0x08000000   0x08000000   0x000000b0   Data   RO            3    RESET               startup_stm32f030x6.o
    0x080000b0   0x080000b0   0x00000000   Code   RO           32  * .ARM.Collect$$$$00000000  mc_p.l(entry.o)
    0x080000b0   0x080000b0   0x00000004   Code   RO           35    .ARM.Collect$$$$00000001  mc_p.l(entry2.o)
    0x080000b4   0x080000b4   0x00000004   Code   RO           38    .ARM.Collect$$$$00000004  mc_p.l(entry5.o)
    0x080000b8   0x080000b8   0x00000000   Code   RO           40    .ARM.Collect$$$$00000008  mc_p.l(entry7b.o)
    0x080000b8   0x080000b8   0x00000000   Code   RO           42    .ARM.Collect$$$$0000000A  mc_p.l(entry8b.o)
    0x080000b8   0x080000b8   0x00000008   Code   RO           43    .ARM.Collect$$$$0000000B  mc_p.l(entry9a.o)
    0x080000c0   0x080000c0   0x00000000   Code   RO           45    .ARM.Collect$$$$0000000D  mc_p.l(entry10a.o)
    0x080000c0   0x080000c0   0x00000000   Code   RO           47    .ARM.Collect$$$$0000000F  mc_p.l(entry11a.o)
    0x080000c0   0x080000c0   0x00000004   Code   RO           36    .ARM.Collect$$$$00002712  mc_p.l(entry2.o)
    0x080000c4   0x080000c4   0x0000001c   Code   RO            4    .text               startup_stm32f030x6.o
    0x080000e0   0x080000e0   0x00000024   Code   RO           49    .text               mc_p.l(init.o)
    0x08000104   0x08000104   0x0000002c   Code   RO          108    .text               mc_p.l(uidiv.o)
    0x08000130   0x08000130   0x00000028   Code   RO          110    .text               mc_p.l(idiv.o)
    0x08000158   0x08000158   0x0000000c   Code   RO           68    .text.DMA1_Channel2_3_IRQHandler  lto-llvm-44b81d.o
    0x08000164   0x08000164   0x00000010   Code   RO           64    .text.EXTI0_1_IRQHandler  lto-llvm-44b81d.o
    0x08000174   0x08000174   0x00000014   Code   RO           66    .text.EXTI4_15_IRQHandler  lto-llvm-44b81d.o
    0x08000188   0x08000188   0x000000b0   Code   RO           84    .text.HAL_DMA_IRQHandler  lto-llvm-44b81d.o
    0x08000238   0x08000238   0x0000018c   Code   RO           82    .text.HAL_GPIO_Init  lto-llvm-44b81d.o
    0x080003c4   0x080003c4   0x000000c0   Code   RO           72    .text.HAL_SPI_MspInit  lto-llvm-44b81d.o
    0x08000484   0x08000484   0x0000015c   Code   RO           74    .text.HAL_SPI_Transmit_DMA  lto-llvm-44b81d.o
    0x080005e0   0x080005e0   0x000000aa   Code   RO           86    .text.HAL_TIM_IRQHandler  lto-llvm-44b81d.o
    0x0800068a   0x0800068a   0x00000002   Code   RO           56    .text.HardFault_Handler  lto-llvm-44b81d.o
    0x0800068c   0x0800068c   0x00000002   Code   RO           54    .text.NMI_Handler   lto-llvm-44b81d.o
    0x0800068e   0x0800068e   0x00000002   Code   RO           60    .text.PendSV_Handler  lto-llvm-44b81d.o
    0x08000690   0x08000690   0x0000001c   Code   RO           80    .text.SPI_DMAError  lto-llvm-44b81d.o
    0x080006ac   0x080006ac   0x00000002   Code   RO           76    .text.SPI_DMAHalfTransmitCplt  lto-llvm-44b81d.o
    0x080006ae   0x080006ae   0x00000002   PAD
    0x080006b0   0x080006b0   0x000000e8   Code   RO           78    .text.SPI_DMATransmitCplt  lto-llvm-44b81d.o
    0x08000798   0x08000798   0x00000002   Code   RO           58    .text.SVC_Handler   lto-llvm-44b81d.o
    0x0800079a   0x0800079a   0x00000002   PAD
    0x0800079c   0x0800079c   0x00000010   Code   RO           62    .text.SysTick_Handler  lto-llvm-44b81d.o
    0x080007ac   0x080007ac   0x00000002   Code   RO           88    .text.SystemInit    lto-llvm-44b81d.o
    0x080007ae   0x080007ae   0x00000002   PAD
    0x080007b0   0x080007b0   0x0000001c   Code   RO           70    .text.TIM17_IRQHandler  lto-llvm-44b81d.o
    0x080007cc   0x080007cc   0x00000570   Code   RO           52    .text.main          lto-llvm-44b81d.o
    0x08000d3c   0x08000d3c   0x0000000e   Code   RO          114    i.__scatterload_copy  mc_p.l(handlers.o)
    0x08000d4a   0x08000d4a   0x00000002   Code   RO          115    i.__scatterload_null  mc_p.l(handlers.o)
    0x08000d4c   0x08000d4c   0x0000000e   Code   RO          116    i.__scatterload_zeroinit  mc_p.l(handlers.o)
    0x08000d5a   0x08000d5a   0x00000010   Data   RO           95    .rodata.max_setup   lto-llvm-44b81d.o
    0x08000d6a   0x08000d6a   0x0000000a   Data   RO           97    .rodata.seg_digits  lto-llvm-44b81d.o
    0x08000d74   0x08000d74   0x00000020   Data   RO          113    Region$$Table       anon$$obj.o


    Execution Region RW_IRAM1 (Exec base: 0x20000000, Load base: 0x08000d98, Size: 0x00000500, Max: 0x00001000, ABSOLUTE)

    Exec Addr    Load Addr    Size         Type   Attr      Idx    E Section Name        Object

    0x20000000   0x08000d98   0x00000004   Data   RW           99    .data.SystemCoreClock  lto-llvm-44b81d.o
    0x20000004   0x08000d9c   0x00000004   PAD
    0x20000008        -       0x00000008   Zero   RW           96    .bss.digits         lto-llvm-44b81d.o
    0x20000010        -       0x00000044   Zero   RW           93    .bss.hdma_spi1_tx   lto-llvm-44b81d.o
    0x20000054        -       0x00000064   Zero   RW           92    .bss.hspi1          lto-llvm-44b81d.o
    0x200000b8        -       0x00000040   Zero   RW           91    .bss.htim17         lto-llvm-44b81d.o
    0x200000f8        -       0x00000004   Zero   RW           90    .bss.milliseconds   lto-llvm-44b81d.o
    0x200000fc        -       0x00000004   Zero   RW           98    .bss.uwTick         lto-llvm-44b81d.o
    0x20000100        -       0x00000400   Zero   RW            1    STACK               startup_stm32f030x6.o


==============================================================================

Image component sizes


      Code (inc. data)   RO Data    RW Data    ZI Data      Debug   Object Name

      3038        256         26          4        248      36443   lto-llvm-44b81d.o
        28          8        176          0       1024        576   startup_stm32f030x6.o

    ----------------------------------------------------------------------
      3072        264        234          4       1276      37019   Object Totals
         0          0         32          0          0          0   (incl. Generated)
         6          0          0          0          4          0   (incl. Padding)

    ----------------------------------------------------------------------

      Code (inc. data)   RO Data    RW Data    ZI Data      Debug   Library Member Name

         0          0          0          0          0          0   entry.o
         0          0          0          0          0          0   entry10a.o
         0          0          0          0          0          0   entry11a.o
         8          4          0          0          0          0   entry2.o
         4          0          0          0          0          0   entry5.o
         0          0          0          0          0          0   entry7b.o
         0          0          0          0          0          0   entry8b.o
         8          4          0          0          0          0   entry9a.o
        30          0          0          0          0          0   handlers.o
        40          0          0          0          0         72   idiv.o
        36          8          0          0          0         68   init.o
        44          0          0          0          0         72   uidiv.o

    ----------------------------------------------------------------------
       170         16          0          0          0        212   Library Totals
         0          0          0          0          0          0   (incl. Padding)

    ----------------------------------------------------------------------

      Code (inc. data)   RO Data    RW Data    ZI Data      Debug   Library Name

       170         16          0          0          0        212   mc_p.l

    ----------------------------------------------------------------------
       170         16          0          0          0        212   Library Totals

    ----------------------------------------------------------------------

==============================================================================


      Code (inc. data)   RO Data    RW Data    ZI Data      Debug   

      3242        280        234          4       1276      37383   Grand Totals
      3242        280        234          4       1276      37383   ELF Image Totals
      3242        280        234          4          0          0   ROM Totals

==============================================================================

    Total RO  Size (Code + RO Data)                 3476 (   3.39kB)
    Total RW  Size (RW Data + ZI Data)              1280 (   1.25kB)
    Total ROM Size (Code + RO Data + RW Data)       3480 (   3.40kB)

==============================================================================

